../Application/TextScanner.cpp:13:1:TextScanner::TextScanner(const BufferView<char>&)	16	static
../Application/TextScanner.cpp:18:14:TextScanner& TextScanner::operator>>(BufferView<char>&)	24	static
../Application/TextScanner.cpp:37:14:TextScanner& TextScanner::operator>>(long int&)	80	static
../Application/TextScanner.cpp:77:14:TextScanner& TextScanner::operator>>(const char*)	24	static
../Application/TextScanner.cpp:99:6:void TextScanner::SkipWhitespace()	24	static
../Application/BufferView.hpp:18:6:int BufferView<TItem>::Len() const [with TItem = char]	16	static
../Application/BufferView.hpp:48:15:const TItem& BufferView<TItem>::operator[](int) const [with TItem = char]	16	static
../Application/BufferView.hpp:24:7:void BufferView<TItem>::Append(const TItem&) [with TItem = char]	16	static
../Application/Buffer.hpp:20:2:Buffer<Capacity, TItem>::Buffer() [with int Capacity = 30; TItem = char]	16	static
../Application/BufferView.hpp:44:9:TItem& BufferView<TItem>::operator[](int) [with TItem = char]	16	static
../Application/BufferView.hpp:52:2:BufferView<TItem>::operator TItem*() [with TItem = char]	16	static
../Application/BufferView.hpp:16:2:BufferView<TItem>::BufferView(int, TItem*, int) [with TItem = char]	24	static
