../Application/Uart.cpp:14:1:Uart::Uart(UART_HandleTypeDef&)	16	static
../Application/Uart.cpp:23:6:void Uart::Restart()	24	static
../Application/Uart.cpp:30:6:bool Uart::Send(const BufferView<unsigned char>&)	32	static
../Application/Uart.cpp:54:5:int Uart::Recv(uint8_t*, int)	40	static
../Application/Uart.cpp:77:17:void HAL_UART_ErrorCallback(UART_HandleTypeDef*)	24	static
../Application/Buffer.hpp:20:2:Buffer<Capacity, TItem>::Buffer() [with int Capacity = 512; TItem = unsigned char]	16	static
../Application/BufferView.hpp:22:7:void BufferView<TItem>::SetLen(int) [with TItem = unsigned char]	24	static
../Application/BufferView.hpp:52:2:BufferView<TItem>::operator TItem*() [with TItem = unsigned char]	16	static
../Application/BufferView.hpp:18:6:int BufferView<TItem>::Len() const [with TItem = unsigned char]	16	static
../Application/BufferView.hpp:64:15:const TItem* BufferView<TItem>::begin() const [with TItem = unsigned char]	16	static
../Application/BufferView.hpp:44:9:TItem& BufferView<TItem>::operator[](int) [with TItem = unsigned char]	16	static
../Application/BufferView.hpp:16:2:BufferView<TItem>::BufferView(int, TItem*, int) [with TItem = unsigned char]	24	static
C:\ST\STM32CubeIDE_2.1.1\STM32CubeIDE\plugins\com.st.stm32cube.ide.mcu.externaltools.gnu-tools-for-stm32.14.3.rel1.win32_1.0.100.202602081740\tools\arm-none-eabi\include\c++\14.3.1\bits\stl_algobase.h:257:5:constexpr const _Tp& std::max(const _Tp&, const _Tp&) [with _Tp = int]	16	static
C:\ST\STM32CubeIDE_2.1.1\STM32CubeIDE\plugins\com.st.stm32cube.ide.mcu.externaltools.gnu-tools-for-stm32.14.3.rel1.win32_1.0.100.202602081740\tools\arm-none-eabi\include\c++\14.3.1\bits\stl_algobase.h:233:5:constexpr const _Tp& std::min(const _Tp&, const _Tp&) [with _Tp = int]	16	static
